<?xml version="1.0" encoding="UTF-8"?>
<testsuite name="SampleTest" tests="1" failures="0">
    <testcase classname="SampleTest" name="test_example"/>
</testsuite>
